Γû▓ Next.js 16.1.6 (Turbopack)

  Creating an optimized production build ...
node.exe : 
At line:1 char:1
+ & "C:\Program Files\nodejs/node.exe" 
"C:\Program Files\nodejs/node_mo ...
+ ~~~~~~~~~~~~~~~~~~~~~~~~~~~~~~~~~~~~~~~~~~~~~~
~~~~~~~~~~~~~~~~~~~~~~~
    + CategoryInfo          : NotSpecified: (:S 
   tring) [], RemoteException
    + FullyQualifiedErrorId : NativeCommandErro 
   r
 
> Build error occurred
Error: Turbopack build failed with 2 errors:
./src/app/series/[slug]/page.jsx:13:23
Ecmascript file had an error
[0m [90m 11 |[39m
 [90m 12 |[39m [90m// Server-side Meta Tag 
Generation[39m
[31m[1m>[22m[39m[90m 13 |[39m 
[36mexport[39m [36masync[39m 
[36mfunction[39m generateMetadata({ params }) 
{
 [90m    |[39m                       [31m[1m
^[22m[39m[31m[1m^[22m[39m[31m[1m^[22m[
39m[31m[1m^[22m[39m[31m[1m^[22m[39m[31m
[1m^[22m[39m[31m[1m^[22m[39m[31m[1m^[2
2m[39m[31m[1m^[22m[39m[31m[1m^[22m[39m
[31m[1m^[22m[39m[31m[1m^[22m[39m[31m[1m
^[22m[39m[31m[1m^[22m[39m[31m[1m^[22m[
39m[31m[1m^[22m[39m
 [90m 14 |[39m     [90m// Next.js 15+ await 
params requirement[39m
 [90m 15 |[39m     [36mconst[39m 
resolvedParams [33m=[39m [36mawait[39m 
params[33m;[39m
 [90m 16 |[39m[0m

You are attempting to export "generateMetadata" 
from a component marked with "use client", 
which is disallowed. Either remove the export, 
or the "use client" directive. Read more: https:
//nextjs.org/docs/app/api-reference/directives/u
se-client



Import traces:
  Client Component Browser:
    ./src/app/series/[slug]/page.jsx [Client 
Component Browser]
    ./src/app/series/[slug]/page.jsx [Server 
Component]

  Client Component SSR:
    ./src/app/series/[slug]/page.jsx [Client 
Component SSR]
    ./src/app/series/[slug]/page.jsx [Server 
Component]


./src/app/watch/[slug]/page.jsx:12:23
Ecmascript file had an error
[0m [90m 10 |[39m
 [90m 11 |[39m [90m// Server-side Meta Tag 
Generation[39m
[31m[1m>[22m[39m[90m 12 |[39m 
[36mexport[39m [36masync[39m 
[36mfunction[39m generateMetadata({ params }) 
{
 [90m    |[39m                       [31m[1m
^[22m[39m[31m[1m^[22m[39m[31m[1m^[22m[
39m[31m[1m^[22m[39m[31m[1m^[22m[39m[31m
[1m^[22m[39m[31m[1m^[22m[39m[31m[1m^[2
2m[39m[31m[1m^[22m[39m[31m[1m^[22m[39m
[31m[1m^[22m[39m[31m[1m^[22m[39m[31m[1m
^[22m[39m[31m[1m^[22m[39m[31m[1m^[22m[
39m[31m[1m^[22m[39m
 [90m 13 |[39m     [36mconst[39m 
resolvedParams [33m=[39m [36mawait[39m 
params[33m;[39m
 [90m 14 |[39m     [36mconst[39m apiUrl 
[33m=[39m process[33m.[39menv[33m.[39m[33
mVITE_API_URL[39m [33m||[39m [32m'https://fi
kflix-api.vercel.app/api/v1'[39m[33m;[39m
 [90m 15 |[39m[0m

You are attempting to export "generateMetadata" 
from a component marked with "use client", 
which is disallowed. Either remove the export, 
or the "use client" directive. Read more: https:
//nextjs.org/docs/app/api-reference/directives/u
se-client



Import traces:
  Client Component Browser:
    ./src/app/watch/[slug]/page.jsx [Client 
Component Browser]
    ./src/app/watch/[slug]/page.jsx [Server 
Component]

  Client Component SSR:
    ./src/app/watch/[slug]/page.jsx [Client 
Component SSR]
    ./src/app/watch/[slug]/page.jsx [Server 
Component]


    at <unknown> 
(./src/app/series/[slug]/page.jsx:13:23)
    at <unknown> 
(./src/app/watch/[slug]/page.jsx:12:23)
